// Jest Snapshot v1, https://goo.gl/fbAQLP

exports[`Main /> should render the heading 1`] = `
<div>
  <h1>
    React Boilerplate
  </h1>
</div>
`
